--- Users/Bookings Data ---
User: Cris Rono | Phone: NULL | Booking: 5 | Status: completed
User: Cris Rono | Phone: NULL | Booking: 6 | Status: completed
User: arun antony varghese | Phone: 9526467176 | Booking: 7 | Status: completed
User: arun antony varghese | Phone: 9526467176 | Booking: 9 | Status: delivered
User: arun antony varghese | Phone: 9526467176 | Booking: 10 | Status: delivered
User: arun antony varghese | Phone: 9526467176 | Booking: 11 | Status: delivered
User: arun antony varghese | Phone: 9526467176 | Booking: 12 | Status: delivered
User: abel mathew  | Phone: NULL | Booking: 13 | Status: completed
User: abel mathew  | Phone: NULL | Booking: 14 | Status: completed
User: arun antony varghese | Phone: 9526467176 | Booking: 15 | Status: completed
User: abel mathew  | Phone: NULL | Booking: 16 | Status: in_progress

--- Available Jobs in Mechanic Dashboard ---
